● Staged changes
● Unstaged changes
● First commit
◎ Last commit
